MPLINK 4.49, Linker
Linker Map File - Created Sun Nov 15 19:08:03 2020

                                 Section Info
                  Section       Type    Address   Location Size(Bytes)
                ---------  ---------  ---------  ---------  ---------
                   .org_0       code   0x000000    program   0x000000
                   .org_1       code   0x000000    program   0x000004
                   .org_2       code   0x000008    program   0x000002
                   .org_3       code   0x000018    program   0x0000fa



                              Program Memory Usage 
                               Start         End      
                           ---------   ---------      
                            0x000000    0x000003      
                            0x000008    0x000009      
                            0x000018    0x000111      
            256 out of 33048 program addresses used, program memory utilization is 0%



                              Symbols - Sorted by Name
                     Name    Address   Location    Storage File                     
                ---------  ---------  ---------  --------- ---------                
                   AGAIN1   0x00002a    program     static D:\Sem 1 20-21\Microcontroller\MPLAB\delayID.asm
                   AGAIN2   0x00002e    program     static D:\Sem 1 20-21\Microcontroller\MPLAB\delayID.asm
                    DELAY   0x000026    program     static D:\Sem 1 20-21\Microcontroller\MPLAB\delayID.asm
                     LOOP   0x000100    program     static D:\Sem 1 20-21\Microcontroller\MPLAB\delayID.asm
                   offLED   0x000022    program     static D:\Sem 1 20-21\Microcontroller\MPLAB\delayID.asm
                    showA   0x00001a    program     static D:\Sem 1 20-21\Microcontroller\MPLAB\delayID.asm
                    start   0x0000fc    program     static D:\Sem 1 20-21\Microcontroller\MPLAB\delayID.asm



                              Symbols - Sorted by Address
                     Name    Address   Location    Storage File                     
                ---------  ---------  ---------  --------- ---------                
                    showA   0x00001a    program     static D:\Sem 1 20-21\Microcontroller\MPLAB\delayID.asm
                   offLED   0x000022    program     static D:\Sem 1 20-21\Microcontroller\MPLAB\delayID.asm
                    DELAY   0x000026    program     static D:\Sem 1 20-21\Microcontroller\MPLAB\delayID.asm
                   AGAIN1   0x00002a    program     static D:\Sem 1 20-21\Microcontroller\MPLAB\delayID.asm
                   AGAIN2   0x00002e    program     static D:\Sem 1 20-21\Microcontroller\MPLAB\delayID.asm
                    start   0x0000fc    program     static D:\Sem 1 20-21\Microcontroller\MPLAB\delayID.asm
                     LOOP   0x000100    program     static D:\Sem 1 20-21\Microcontroller\MPLAB\delayID.asm


